PARSING

Apenas espaços
$

echo          123
$ 123

            echo       123
$ 123

echo 'abc
erro

echo abc'
erro

echo "abc
erro

echo abc"
erro

pwd |
erro

pwd <
erro

pwd <<
erro

pwd >
erro

pwd >>
erro

> / >> / < / <<
erro

pwd ||| wc -l
erro

pwd | | wc -l
erro

pwd || wc -l
erro

--------------------

EXPANSAO DE VARIAVEIS

echo "'$HOME'"
'/home/rafa'

echo "'"$HOME"'"
'/home/rafa'

echo '""$HOME'
""$HOME

echo $MAIL
/var/spool/mail/rafa

echo '$MAIL'
$MAIL

echo $MAIL$MAIL
/var/spool/mail/rafa/var/spool/mail/rafa

echo abc"123"
abc123

echo abc'123'
abc123

echo 'abc'123
abc123

echo "abc"123
abc123

echo "abc"'123'
abc123

echo "abc"$MAIL
abc/var/spool/mail/rafa

echo "abc"'$MAIL'
abc$MAIL

echo abc"$MAIL"
abc/var/spool/mail/rafa

echo 'abc"$MAIL"'
abc"$MAIL"

echo "'$MAIL'"
'/var/spool/mail/rafa'


echo $
$

echo $$
$$

echo 123@'$HOME'@123@'"$HOME"'@123@$HOME@123@"'$HOME'"@123@"$HOME"@123
123@$HOME@123@"$HOME"@123@/home/admin@123@'/home/admin'@123@/home/admin@123
123@$HOME@123@"$HOME"@123@/home/rafa@123@'/home/rafa'@123@/home/rafa@123

echo ~
/home/admin

echo ~/123
/home/admin/123

echo ~.
~.

echo "~"
~

echo abc ~
abc /home/admin

echo abc~
abc~


-------------------------

BUILTINS

#echo
echo abc
$ abc

echo $HOME
$ /home/admin

echo ~
$ /home/admin

echo -n $HOME
/home/admin $

#cd
cd .
cd ..
cd /caminho/absoluto
cd pasta
cd (sem argumento)
cd ~ / -

cd pasta_inexistente
bash: cd: 123: No such file or directory

cd arquivo
bash: cd: Makefile: Not a directory

cd pasta_sem_permissao
bash: cd: tests/pasta_sem_permissao/: Permission denied

#pwd
pwd
pwd (diretorio deletado)

#export
export (sem opções)
export VAR_EXISTENTE
export VAR_INEXISTENTE

#unset
unset VAR_EXISTENTE
unset VAR_INEXISTENTE

#env
env

#exit
exit (sem opções)
exit > 0
exit = 0
exit < 0

exit NAN
minishell: exit: a: numeric argument required

--------------

EXECVE

/bin/ls

ls

../../../../bin/ls

mkdir (sem argumento)
/usr/bin/mkdir: missing operand

unset PATH
export PATH=/home/admin/42/minishell/tests
export PATH=/home/rafa/Documents/42cursus/minishell/tests
ls

export LS=/home/rafa/Documents/42cursus/minishell/tests/ls
$LS

cat
abc
$ abc
$

-------------

REDIRECTIONS

cat < ../README.md
$ # minishell

< ../README.md cat
$ # minishell

cat < ../README.md < ../Makefile < ../README.md
$ # minishell

< ../Makefile cat < ../README.md
$ # minishell

cat << eof
abc
eof
$ abc

cat < ../README.md << eof
abc
eof
$ abc

cat < ../Makefile << eof < ../README.md
abc
eof
# minishell $

echo abc > file
file:	abc

echo abc >> file
file:	abc
		abc

echo abc > file > file1
file:
file1:	abc

echo abc > file > file1 > file2
file:
file1:
file2:	abc

echo abc > file > file1 >> file2
file:
file1:
file2:	abc
		abc

echo abc >> file2 > file3
file2:	abc
		abc
file3: 	abc

< ../README.md cat > file > file1 > file2
file:
file1:
file2:	# minishell

< ../Makefile << eof < ../README.md cat > file > file1 > file2
abc
eof
file:
file1:
file2:	# minishell

-------------
PIPES

pwd | wc -l
$ 1

mkdir | wc -l
erro
$ 0

pwd | mkdir
erro

cat ../Makefile | grep Created | wc -l
$ 1

cat ../README.md | cat | cat | cat
# minishell $

cat ../README.md > file | cat
file: # minishell
$

< ../README.md > file cat | cat
file: # minishell
$

cat << eof | wc -l
abc
eof
$ 1

echo abc | cat << eof | cat
bcd
eof
$ bcd

cat < ../README.md > file | cat < ../README.md >> file
file: # minishell# minishell
$

--------------

# Sinais
Ctrl-C
nova linha

Ctrl-D
sai do minishell

Ctrl-\
não faz nada



pwd











